19:59:37 **** Incremental Build of configuration Debug for project TIP_MQTT_CLIENT ****
make -j16 all 
arm-none-eabi-gcc "../Middlewares/Third_Party/MQTT/MQTTClient.c" -mcpu=cortex-m4 -std=gnu11 -g3 -DUSE_HAL_DRIVER -DDEBUG -DSTM32F429xx -c -I../Middlewares/Third_Party/LwIP/src/include/netif/ppp -I../Middlewares/Third_Party/MQTT -I../Middlewares/Third_Party/LwIP/src/include/compat/stdc -I../Drivers/CMSIS/Device/ST/STM32F4xx/Include -I../Middlewares/Third_Party/MQTT/MQTTPacket -I../Middlewares/Third_Party/LwIP/system/arch -I../Middlewares/Third_Party/LwIP/src/include -I../Middlewares/Third_Party/FreeRTOS/Source/portable/GCC/ARM_CM4F -I../Middlewares/Third_Party/LwIP/src/include/compat/posix -I../Middlewares/Third_Party/LwIP/src/include/lwip -I../Middlewares/Third_Party/FreeRTOS/Source/CMSIS_RTOS -I../Middlewares/Third_Party/LwIP/src/include/compat/posix/arpa -I../Middlewares/Third_Party/LwIP/system -I../Middlewares/Third_Party/FreeRTOS/Source/include -I../Middlewares/Third_Party/LwIP/src/include/lwip/priv -I../Drivers/STM32F4xx_HAL_Driver/Inc -I../Middlewares/Third_Party/LwIP/src/include/lwip/prot -I../Middlewares/Third_Party/LwIP/src/include/lwip/apps -I../Middlewares/Third_Party/LwIP/src/include/compat/posix/sys -I../Drivers/STM32F4xx_HAL_Driver/Inc/Legacy -I../Inc -I../Drivers/CMSIS/Include -I../Middlewares/Third_Party/LwIP/src/include/compat/posix/net -I../Middlewares/Third_Party/LwIP/src/include/netif -O0 -ffunction-sections -fdata-sections -Wall -fstack-usage -MMD -MP -MF"Middlewares/Third_Party/MQTT/MQTTClient.d" -MT"Middlewares/Third_Party/MQTT/MQTTClient.o" --specs=nano.specs -mfpu=fpv4-sp-d16 -mfloat-abi=hard -mthumb -o "Middlewares/Third_Party/MQTT/MQTTClient.o"
arm-none-eabi-gcc "../Src/freertos.c" -mcpu=cortex-m4 -std=gnu11 -g3 -DUSE_HAL_DRIVER -DDEBUG -DSTM32F429xx -c -I../Middlewares/Third_Party/LwIP/src/include/netif/ppp -I../Middlewares/Third_Party/MQTT -I../Middlewares/Third_Party/LwIP/src/include/compat/stdc -I../Drivers/CMSIS/Device/ST/STM32F4xx/Include -I../Middlewares/Third_Party/MQTT/MQTTPacket -I../Middlewares/Third_Party/LwIP/system/arch -I../Middlewares/Third_Party/LwIP/src/include -I../Middlewares/Third_Party/FreeRTOS/Source/portable/GCC/ARM_CM4F -I../Middlewares/Third_Party/LwIP/src/include/compat/posix -I../Middlewares/Third_Party/LwIP/src/include/lwip -I../Middlewares/Third_Party/FreeRTOS/Source/CMSIS_RTOS -I../Middlewares/Third_Party/LwIP/src/include/compat/posix/arpa -I../Middlewares/Third_Party/LwIP/system -I../Middlewares/Third_Party/FreeRTOS/Source/include -I../Middlewares/Third_Party/LwIP/src/include/lwip/priv -I../Drivers/STM32F4xx_HAL_Driver/Inc -I../Middlewares/Third_Party/LwIP/src/include/lwip/prot -I../Middlewares/Third_Party/LwIP/src/include/lwip/apps -I../Middlewares/Third_Party/LwIP/src/include/compat/posix/sys -I../Drivers/STM32F4xx_HAL_Driver/Inc/Legacy -I../Inc -I../Drivers/CMSIS/Include -I../Middlewares/Third_Party/LwIP/src/include/compat/posix/net -I../Middlewares/Third_Party/LwIP/src/include/netif -O0 -ffunction-sections -fdata-sections -Wall -fstack-usage -MMD -MP -MF"Src/freertos.d" -MT"Src/freertos.o" --specs=nano.specs -mfpu=fpv4-sp-d16 -mfloat-abi=hard -mthumb -o "Src/freertos.o"
arm-none-eabi-gcc "../Src/hih_5031_sensor.c" -mcpu=cortex-m4 -std=gnu11 -g3 -DUSE_HAL_DRIVER -DDEBUG -DSTM32F429xx -c -I../Middlewares/Third_Party/LwIP/src/include/netif/ppp -I../Middlewares/Third_Party/MQTT -I../Middlewares/Third_Party/LwIP/src/include/compat/stdc -I../Drivers/CMSIS/Device/ST/STM32F4xx/Include -I../Middlewares/Third_Party/MQTT/MQTTPacket -I../Middlewares/Third_Party/LwIP/system/arch -I../Middlewares/Third_Party/LwIP/src/include -I../Middlewares/Third_Party/FreeRTOS/Source/portable/GCC/ARM_CM4F -I../Middlewares/Third_Party/LwIP/src/include/compat/posix -I../Middlewares/Third_Party/LwIP/src/include/lwip -I../Middlewares/Third_Party/FreeRTOS/Source/CMSIS_RTOS -I../Middlewares/Third_Party/LwIP/src/include/compat/posix/arpa -I../Middlewares/Third_Party/LwIP/system -I../Middlewares/Third_Party/FreeRTOS/Source/include -I../Middlewares/Third_Party/LwIP/src/include/lwip/priv -I../Drivers/STM32F4xx_HAL_Driver/Inc -I../Middlewares/Third_Party/LwIP/src/include/lwip/prot -I../Middlewares/Third_Party/LwIP/src/include/lwip/apps -I../Middlewares/Third_Party/LwIP/src/include/compat/posix/sys -I../Drivers/STM32F4xx_HAL_Driver/Inc/Legacy -I../Inc -I../Drivers/CMSIS/Include -I../Middlewares/Third_Party/LwIP/src/include/compat/posix/net -I../Middlewares/Third_Party/LwIP/src/include/netif -O0 -ffunction-sections -fdata-sections -Wall -fstack-usage -MMD -MP -MF"Src/hih_5031_sensor.d" -MT"Src/hih_5031_sensor.o" --specs=nano.specs -mfpu=fpv4-sp-d16 -mfloat-abi=hard -mthumb -o "Src/hih_5031_sensor.o"
arm-none-eabi-gcc "../Middlewares/Third_Party/MQTT/MQTTInterface.c" -mcpu=cortex-m4 -std=gnu11 -g3 -DUSE_HAL_DRIVER -DDEBUG -DSTM32F429xx -c -I../Middlewares/Third_Party/LwIP/src/include/netif/ppp -I../Middlewares/Third_Party/MQTT -I../Middlewares/Third_Party/LwIP/src/include/compat/stdc -I../Drivers/CMSIS/Device/ST/STM32F4xx/Include -I../Middlewares/Third_Party/MQTT/MQTTPacket -I../Middlewares/Third_Party/LwIP/system/arch -I../Middlewares/Third_Party/LwIP/src/include -I../Middlewares/Third_Party/FreeRTOS/Source/portable/GCC/ARM_CM4F -I../Middlewares/Third_Party/LwIP/src/include/compat/posix -I../Middlewares/Third_Party/LwIP/src/include/lwip -I../Middlewares/Third_Party/FreeRTOS/Source/CMSIS_RTOS -I../Middlewares/Third_Party/LwIP/src/include/compat/posix/arpa -I../Middlewares/Third_Party/LwIP/system -I../Middlewares/Third_Party/FreeRTOS/Source/include -I../Middlewares/Third_Party/LwIP/src/include/lwip/priv -I../Drivers/STM32F4xx_HAL_Driver/Inc -I../Middlewares/Third_Party/LwIP/src/include/lwip/prot -I../Middlewares/Third_Party/LwIP/src/include/lwip/apps -I../Middlewares/Third_Party/LwIP/src/include/compat/posix/sys -I../Drivers/STM32F4xx_HAL_Driver/Inc/Legacy -I../Inc -I../Drivers/CMSIS/Include -I../Middlewares/Third_Party/LwIP/src/include/compat/posix/net -I../Middlewares/Third_Party/LwIP/src/include/netif -O0 -ffunction-sections -fdata-sections -Wall -fstack-usage -MMD -MP -MF"Middlewares/Third_Party/MQTT/MQTTInterface.d" -MT"Middlewares/Third_Party/MQTT/MQTTInterface.o" --specs=nano.specs -mfpu=fpv4-sp-d16 -mfloat-abi=hard -mthumb -o "Middlewares/Third_Party/MQTT/MQTTInterface.o"
arm-none-eabi-gcc -o "TIP_MQTT_CLIENT.elf" @"objects.list"   -mcpu=cortex-m4 -T"C:\Users\esalgado\Documents\TEST\TIP_MQTT_CLIENT-master\TIP_MQTT_CLIENT-master\TIP_MQTT_CLIENT\STM32F429ZITX_FLASH.ld" --specs=nosys.specs -Wl,-Map="TIP_MQTT_CLIENT.map" -Wl,--gc-sections -static --specs=nano.specs -mfpu=fpv4-sp-d16 -mfloat-abi=hard -mthumb -Wl,--start-group -lc -lm -Wl,--end-group
Finished building target: TIP_MQTT_CLIENT.elf
 
arm-none-eabi-objdump -h -S  TIP_MQTT_CLIENT.elf  > "TIP_MQTT_CLIENT.list"
arm-none-eabi-objcopy  -O binary  TIP_MQTT_CLIENT.elf  "TIP_MQTT_CLIENT.bin"
arm-none-eabi-size   TIP_MQTT_CLIENT.elf 
   text	   data	    bss	    dec	    hex	filename
 135500	    504	  67728	 203732	  31bd4	TIP_MQTT_CLIENT.elf
Finished building: default.size.stdout
 
Finished building: TIP_MQTT_CLIENT.bin
 
Finished building: TIP_MQTT_CLIENT.list
 

19:59:50 Build Finished. 0 errors, 0 warnings. (took 13s.663ms)

